2025-06-17 06:49:01,421 [main] [trace=] INFO  com.example.demo.DemoApplication - Starting DemoApplication using Java 21.0.7 with PID 66805 (/home/abdulmateen/Desktop/Projects/Learning-Java/Project-Day_10-15/target/classes started by abdulmateen in /home/abdulmateen/Desktop/Projects/Learning-Java/Project-Day_10-15)
2025-06-17 06:49:01,429 [main] [trace=] DEBUG com.example.demo.DemoApplication - Running with Spring Boot v3.4.5, Spring v6.2.6
2025-06-17 06:49:01,435 [main] [trace=] INFO  com.example.demo.DemoApplication - No active profile set, falling back to 1 default profile: "default"
2025-06-17 06:49:01,643 [main] [trace=] INFO  o.s.b.d.c.l.DockerComposeLifecycleManager - Using Docker Compose file /home/abdulmateen/Desktop/Projects/Learning-Java/Project-Day_10-15/docker-compose.yaml
2025-06-17 06:49:02,923 [main] [trace=] INFO  o.s.b.d.c.l.DockerComposeLifecycleManager - There are already Docker Compose services running, skipping startup
2025-06-17 06:49:04,041 [main] [trace=] INFO  o.s.d.r.c.RepositoryConfigurationDelegate - Bootstrapping Spring Data JPA repositories in DEFAULT mode.
2025-06-17 06:49:04,103 [main] [trace=] INFO  o.s.d.r.c.RepositoryConfigurationDelegate - Finished Spring Data repository scanning in 52 ms. Found 2 JPA repository interfaces.
2025-06-17 06:49:04,929 [main] [trace=] INFO  o.s.b.w.e.tomcat.TomcatWebServer - Tomcat initialized with port 8080 (http)
2025-06-17 06:49:04,942 [main] [trace=] INFO  o.a.coyote.http11.Http11NioProtocol - Initializing ProtocolHandler ["http-nio-8080"]
2025-06-17 06:49:04,944 [main] [trace=] INFO  o.a.catalina.core.StandardService - Starting service [Tomcat]
2025-06-17 06:49:04,945 [main] [trace=] INFO  o.a.catalina.core.StandardEngine - Starting Servlet engine: [Apache Tomcat/10.1.40]
2025-06-17 06:49:04,992 [main] [trace=] INFO  o.a.c.c.C.[Tomcat].[localhost].[/] - Initializing Spring embedded WebApplicationContext
2025-06-17 06:49:04,993 [main] [trace=] INFO  o.s.b.w.s.c.ServletWebServerApplicationContext - Root WebApplicationContext: initialization completed in 1848 ms
2025-06-17 06:49:05,525 [main] [trace=] INFO  liquibase.database - Set default schema name to public
2025-06-17 06:49:05,911 [main] [trace=] INFO  liquibase.changelog - Reading from public.databasechangelog
2025-06-17 06:49:05,966 [main] [trace=] INFO  liquibase.ui - Database is up to date, no changesets to execute
2025-06-17 06:49:05,969 [main] [trace=] INFO  liquibase.changelog - Reading from public.databasechangelog
2025-06-17 06:49:05,980 [main] [trace=] INFO  liquibase.util - UPDATE SUMMARY
2025-06-17 06:49:05,981 [main] [trace=] INFO  liquibase.util - Run:                          0
2025-06-17 06:49:05,981 [main] [trace=] INFO  liquibase.util - Previously run:               2
2025-06-17 06:49:05,981 [main] [trace=] INFO  liquibase.util - Filtered out:                 0
2025-06-17 06:49:05,982 [main] [trace=] INFO  liquibase.util - -------------------------------
2025-06-17 06:49:05,982 [main] [trace=] INFO  liquibase.util - Total change sets:            2
2025-06-17 06:49:05,983 [main] [trace=] INFO  liquibase.util - Update summary generated
2025-06-17 06:49:05,984 [main] [trace=] INFO  liquibase.command - Command execution complete
2025-06-17 06:49:06,089 [main] [trace=] INFO  o.h.jpa.internal.util.LogHelper - HHH000204: Processing PersistenceUnitInfo [name: default]
2025-06-17 06:49:06,191 [main] [trace=] INFO  org.hibernate.Version - HHH000412: Hibernate ORM core version 6.6.13.Final
2025-06-17 06:49:06,232 [main] [trace=] INFO  o.h.c.i.RegionFactoryInitiator - HHH000026: Second-level cache disabled
2025-06-17 06:49:06,479 [main] [trace=] INFO  o.s.o.j.p.SpringPersistenceUnitInfo - No LoadTimeWeaver setup: ignoring JPA class transformer
2025-06-17 06:49:06,504 [main] [trace=] INFO  com.zaxxer.hikari.HikariDataSource - HikariPool-1 - Starting...
2025-06-17 06:49:06,562 [main] [trace=] INFO  com.zaxxer.hikari.pool.HikariPool - HikariPool-1 - Added connection org.postgresql.jdbc.PgConnection@848d9bc
2025-06-17 06:49:06,563 [main] [trace=] INFO  com.zaxxer.hikari.HikariDataSource - HikariPool-1 - Start completed.
2025-06-17 06:49:06,623 [main] [trace=] INFO  o.hibernate.orm.connections.pooling - HHH10001005: Database info:
	Database JDBC URL [Connecting through datasource 'HikariDataSource (HikariPool-1)']
	Database driver: undefined/unknown
	Database version: 15.13
	Autocommit mode: undefined/unknown
	Isolation level: undefined/unknown
	Minimum pool size: undefined/unknown
	Maximum pool size: undefined/unknown
2025-06-17 06:49:07,561 [main] [trace=] INFO  o.h.e.t.j.p.i.JtaPlatformInitiator - HHH000489: No JTA platform available (set 'hibernate.transaction.jta.platform' to enable JTA platform integration)
2025-06-17 06:49:07,564 [main] [trace=] INFO  o.s.o.j.LocalContainerEntityManagerFactoryBean - Initialized JPA EntityManagerFactory for persistence unit 'default'
2025-06-17 06:49:07,947 [main] [trace=] DEBUG c.e.d.config.JwtAuthenticationFilter - Filter 'jwtAuthenticationFilter' configured for use
2025-06-17 06:49:08,020 [main] [trace=] INFO  o.s.s.c.a.a.c.InitializeAuthenticationProviderBeanManagerConfigurer$InitializeAuthenticationProviderManagerConfigurer - Global AuthenticationManager configured with AuthenticationProvider bean with name authenticationProvider
2025-06-17 06:49:08,021 [main] [trace=] WARN  o.s.s.c.a.a.c.InitializeUserDetailsBeanManagerConfigurer$InitializeUserDetailsManagerConfigurer - Global AuthenticationManager configured with an AuthenticationProvider bean. UserDetailsService beans will not be used by Spring Security for automatically configuring username/password login. Consider removing the AuthenticationProvider bean. Alternatively, consider using the UserDetailsService in a manually instantiated DaoAuthenticationProvider. If the current configuration is intentional, to turn off this warning, increase the logging level of 'org.springframework.security.config.annotation.authentication.configuration.InitializeUserDetailsBeanManagerConfigurer' to ERROR
2025-06-17 06:49:08,281 [main] [trace=] WARN  o.s.b.a.o.j.JpaBaseConfiguration$JpaWebConfiguration - spring.jpa.open-in-view is enabled by default. Therefore, database queries may be performed during view rendering. Explicitly configure spring.jpa.open-in-view to disable this warning
2025-06-17 06:49:08,798 [main] [trace=] INFO  o.s.v.b.OptionalValidatorFactoryBean - Failed to set up a Bean Validation provider: jakarta.validation.NoProviderFoundException: Unable to create a Configuration, because no Jakarta Bean Validation provider could be found. Add a provider like Hibernate Validator (RI) to your classpath.
2025-06-17 06:49:09,168 [main] [trace=] INFO  o.a.coyote.http11.Http11NioProtocol - Starting ProtocolHandler ["http-nio-8080"]
2025-06-17 06:49:09,186 [main] [trace=] INFO  o.s.b.w.e.tomcat.TomcatWebServer - Tomcat started on port 8080 (http) with context path '/'
2025-06-17 06:49:09,199 [main] [trace=] INFO  com.example.demo.DemoApplication - Started DemoApplication in 8.834 seconds (process running for 9.495)
2025-06-17 06:49:09,324 [main] [trace=] DEBUG org.hibernate.SQL - 
    select
        u1_0.id,
        u1_0.created_at,
        u1_0.email,
        u1_0.manager_id,
        u1_0.password,
        u1_0.is_restricted,
        u1_0.role,
        u1_0.updated_at,
        u1_0.uuid 
    from
        users u1_0 
    where
        u1_0.email=?
2025-06-17 06:49:09,369 [main] [trace=] DEBUG org.hibernate.SQL - 
    select
        u1_0.id,
        u1_0.created_at,
        u1_0.email,
        u1_0.manager_id,
        u1_0.password,
        u1_0.is_restricted,
        u1_0.role,
        u1_0.updated_at,
        u1_0.uuid 
    from
        users u1_0 
    where
        u1_0.email=?
2025-06-17 06:52:28,829 [SpringApplicationShutdownHook] [trace=] INFO  o.s.b.w.e.tomcat.GracefulShutdown - Commencing graceful shutdown. Waiting for active requests to complete
2025-06-17 06:52:28,834 [tomcat-shutdown] [trace=] INFO  o.s.b.w.e.tomcat.GracefulShutdown - Graceful shutdown complete
2025-06-17 06:52:28,843 [SpringApplicationShutdownHook] [trace=] INFO  o.s.o.j.LocalContainerEntityManagerFactoryBean - Closing JPA EntityManagerFactory for persistence unit 'default'
2025-06-17 06:52:28,846 [SpringApplicationShutdownHook] [trace=] INFO  com.zaxxer.hikari.HikariDataSource - HikariPool-1 - Shutdown initiated...
2025-06-17 06:52:28,854 [SpringApplicationShutdownHook] [trace=] INFO  com.zaxxer.hikari.HikariDataSource - HikariPool-1 - Shutdown completed.
2025-06-17 06:52:34,416 [main] [trace=] INFO  com.example.demo.DemoApplication - Starting DemoApplication using Java 21.0.7 with PID 68121 (/home/abdulmateen/Desktop/Projects/Learning-Java/Project-Day_10-15/target/classes started by abdulmateen in /home/abdulmateen/Desktop/Projects/Learning-Java/Project-Day_10-15)
2025-06-17 06:52:34,419 [main] [trace=] DEBUG com.example.demo.DemoApplication - Running with Spring Boot v3.4.5, Spring v6.2.6
2025-06-17 06:52:34,420 [main] [trace=] INFO  com.example.demo.DemoApplication - No active profile set, falling back to 1 default profile: "default"
2025-06-17 06:52:34,612 [main] [trace=] INFO  o.s.b.d.c.l.DockerComposeLifecycleManager - Using Docker Compose file /home/abdulmateen/Desktop/Projects/Learning-Java/Project-Day_10-15/docker-compose.yaml
2025-06-17 06:52:35,236 [main] [trace=] INFO  o.s.b.d.c.l.DockerComposeLifecycleManager - There are already Docker Compose services running, skipping startup
2025-06-17 06:52:36,343 [main] [trace=] INFO  o.s.d.r.c.RepositoryConfigurationDelegate - Bootstrapping Spring Data JPA repositories in DEFAULT mode.
2025-06-17 06:52:36,400 [main] [trace=] INFO  o.s.d.r.c.RepositoryConfigurationDelegate - Finished Spring Data repository scanning in 48 ms. Found 2 JPA repository interfaces.
2025-06-17 06:52:37,115 [main] [trace=] INFO  o.s.b.w.e.tomcat.TomcatWebServer - Tomcat initialized with port 8080 (http)
2025-06-17 06:52:37,129 [main] [trace=] INFO  o.a.coyote.http11.Http11NioProtocol - Initializing ProtocolHandler ["http-nio-8080"]
2025-06-17 06:52:37,133 [main] [trace=] INFO  o.a.catalina.core.StandardService - Starting service [Tomcat]
2025-06-17 06:52:37,134 [main] [trace=] INFO  o.a.catalina.core.StandardEngine - Starting Servlet engine: [Apache Tomcat/10.1.40]
2025-06-17 06:52:37,179 [main] [trace=] INFO  o.a.c.c.C.[Tomcat].[localhost].[/] - Initializing Spring embedded WebApplicationContext
2025-06-17 06:52:37,180 [main] [trace=] INFO  o.s.b.w.s.c.ServletWebServerApplicationContext - Root WebApplicationContext: initialization completed in 1732 ms
2025-06-17 06:52:37,673 [main] [trace=] INFO  liquibase.database - Set default schema name to public
2025-06-17 06:52:38,001 [main] [trace=] INFO  liquibase.changelog - Reading from public.databasechangelog
2025-06-17 06:52:38,058 [main] [trace=] INFO  liquibase.ui - Database is up to date, no changesets to execute
2025-06-17 06:52:38,062 [main] [trace=] INFO  liquibase.changelog - Reading from public.databasechangelog
2025-06-17 06:52:38,072 [main] [trace=] INFO  liquibase.util - UPDATE SUMMARY
2025-06-17 06:52:38,073 [main] [trace=] INFO  liquibase.util - Run:                          0
2025-06-17 06:52:38,073 [main] [trace=] INFO  liquibase.util - Previously run:               2
2025-06-17 06:52:38,074 [main] [trace=] INFO  liquibase.util - Filtered out:                 0
2025-06-17 06:52:38,074 [main] [trace=] INFO  liquibase.util - -------------------------------
2025-06-17 06:52:38,074 [main] [trace=] INFO  liquibase.util - Total change sets:            2
2025-06-17 06:52:38,075 [main] [trace=] INFO  liquibase.util - Update summary generated
2025-06-17 06:52:38,076 [main] [trace=] INFO  liquibase.command - Command execution complete
2025-06-17 06:52:38,162 [main] [trace=] INFO  o.h.jpa.internal.util.LogHelper - HHH000204: Processing PersistenceUnitInfo [name: default]
2025-06-17 06:52:38,216 [main] [trace=] INFO  org.hibernate.Version - HHH000412: Hibernate ORM core version 6.6.13.Final
2025-06-17 06:52:38,258 [main] [trace=] INFO  o.h.c.i.RegionFactoryInitiator - HHH000026: Second-level cache disabled
2025-06-17 06:52:38,528 [main] [trace=] INFO  o.s.o.j.p.SpringPersistenceUnitInfo - No LoadTimeWeaver setup: ignoring JPA class transformer
2025-06-17 06:52:38,552 [main] [trace=] INFO  com.zaxxer.hikari.HikariDataSource - HikariPool-1 - Starting...
2025-06-17 06:52:38,597 [main] [trace=] INFO  com.zaxxer.hikari.pool.HikariPool - HikariPool-1 - Added connection org.postgresql.jdbc.PgConnection@5c4516ec
2025-06-17 06:52:38,599 [main] [trace=] INFO  com.zaxxer.hikari.HikariDataSource - HikariPool-1 - Start completed.
2025-06-17 06:52:38,656 [main] [trace=] INFO  o.hibernate.orm.connections.pooling - HHH10001005: Database info:
	Database JDBC URL [Connecting through datasource 'HikariDataSource (HikariPool-1)']
	Database driver: undefined/unknown
	Database version: 15.13
	Autocommit mode: undefined/unknown
	Isolation level: undefined/unknown
	Minimum pool size: undefined/unknown
	Maximum pool size: undefined/unknown
2025-06-17 06:52:39,490 [main] [trace=] INFO  o.h.e.t.j.p.i.JtaPlatformInitiator - HHH000489: No JTA platform available (set 'hibernate.transaction.jta.platform' to enable JTA platform integration)
2025-06-17 06:52:39,493 [main] [trace=] INFO  o.s.o.j.LocalContainerEntityManagerFactoryBean - Initialized JPA EntityManagerFactory for persistence unit 'default'
2025-06-17 06:52:39,845 [main] [trace=] DEBUG c.e.d.config.JwtAuthenticationFilter - Filter 'jwtAuthenticationFilter' configured for use
2025-06-17 06:52:39,906 [main] [trace=] INFO  o.s.s.c.a.a.c.InitializeAuthenticationProviderBeanManagerConfigurer$InitializeAuthenticationProviderManagerConfigurer - Global AuthenticationManager configured with AuthenticationProvider bean with name authenticationProvider
2025-06-17 06:52:39,906 [main] [trace=] WARN  o.s.s.c.a.a.c.InitializeUserDetailsBeanManagerConfigurer$InitializeUserDetailsManagerConfigurer - Global AuthenticationManager configured with an AuthenticationProvider bean. UserDetailsService beans will not be used by Spring Security for automatically configuring username/password login. Consider removing the AuthenticationProvider bean. Alternatively, consider using the UserDetailsService in a manually instantiated DaoAuthenticationProvider. If the current configuration is intentional, to turn off this warning, increase the logging level of 'org.springframework.security.config.annotation.authentication.configuration.InitializeUserDetailsBeanManagerConfigurer' to ERROR
2025-06-17 06:52:40,113 [main] [trace=] WARN  o.s.b.a.o.j.JpaBaseConfiguration$JpaWebConfiguration - spring.jpa.open-in-view is enabled by default. Therefore, database queries may be performed during view rendering. Explicitly configure spring.jpa.open-in-view to disable this warning
2025-06-17 06:52:40,543 [main] [trace=] INFO  o.s.v.b.OptionalValidatorFactoryBean - Failed to set up a Bean Validation provider: jakarta.validation.NoProviderFoundException: Unable to create a Configuration, because no Jakarta Bean Validation provider could be found. Add a provider like Hibernate Validator (RI) to your classpath.
2025-06-17 06:52:40,870 [main] [trace=] INFO  o.a.coyote.http11.Http11NioProtocol - Starting ProtocolHandler ["http-nio-8080"]
2025-06-17 06:52:40,882 [main] [trace=] INFO  o.s.b.w.e.tomcat.TomcatWebServer - Tomcat started on port 8080 (http) with context path '/'
2025-06-17 06:52:40,891 [main] [trace=] INFO  com.example.demo.DemoApplication - Started DemoApplication in 7.261 seconds (process running for 7.748)
2025-06-17 06:52:41,008 [main] [trace=] DEBUG org.hibernate.SQL - 
    select
        u1_0.id,
        u1_0.created_at,
        u1_0.email,
        u1_0.manager_id,
        u1_0.password,
        u1_0.is_restricted,
        u1_0.role,
        u1_0.updated_at,
        u1_0.uuid 
    from
        users u1_0 
    where
        u1_0.email=?
2025-06-17 06:52:41,046 [main] [trace=] DEBUG org.hibernate.SQL - 
    select
        u1_0.id,
        u1_0.created_at,
        u1_0.email,
        u1_0.manager_id,
        u1_0.password,
        u1_0.is_restricted,
        u1_0.role,
        u1_0.updated_at,
        u1_0.uuid 
    from
        users u1_0 
    where
        u1_0.email=?
2025-06-17 06:53:37,360 [http-nio-8080-exec-1] [trace=] INFO  o.a.c.c.C.[Tomcat].[localhost].[/] - Initializing Spring DispatcherServlet 'dispatcherServlet'
2025-06-17 06:53:37,361 [http-nio-8080-exec-1] [trace=] INFO  o.s.web.servlet.DispatcherServlet - Initializing Servlet 'dispatcherServlet'
2025-06-17 06:53:37,363 [http-nio-8080-exec-1] [trace=] INFO  o.s.web.servlet.DispatcherServlet - Completed initialization in 2 ms
2025-06-17 06:53:37,384 [http-nio-8080-exec-1] [trace=] INFO  c.e.demo.aspect.ServiceLoggingAspect - Entering service method: JwtService.extractUsername [correlationId: null]
2025-06-17 06:53:37,415 [http-nio-8080-exec-1] [trace=] INFO  c.e.demo.aspect.ServiceLoggingAspect - Completed service method: JwtService.extractUsername [duration: 30ms, correlationId: null]
2025-06-17 06:53:37,418 [http-nio-8080-exec-1] [trace=] DEBUG org.hibernate.SQL - 
    select
        u1_0.id,
        u1_0.created_at,
        u1_0.email,
        u1_0.manager_id,
        u1_0.password,
        u1_0.is_restricted,
        u1_0.role,
        u1_0.updated_at,
        u1_0.uuid 
    from
        users u1_0 
    where
        u1_0.email=?
2025-06-17 06:53:37,427 [http-nio-8080-exec-1] [trace=] DEBUG org.hibernate.SQL - 
    select
        u1_0.id,
        u1_0.created_at,
        u1_0.email,
        m1_0.id,
        m1_0.created_at,
        m1_0.email,
        m1_0.manager_id,
        m1_0.password,
        m1_0.is_restricted,
        m1_0.role,
        m1_0.updated_at,
        m1_0.uuid,
        u1_0.password,
        u1_0.is_restricted,
        u1_0.role,
        u1_0.updated_at,
        u1_0.uuid 
    from
        users u1_0 
    left join
        users m1_0 
            on m1_0.id=u1_0.manager_id 
    where
        u1_0.id=?
2025-06-17 06:53:37,433 [http-nio-8080-exec-1] [trace=] INFO  c.e.demo.aspect.ServiceLoggingAspect - Entering service method: JwtService.isTokenValid [correlationId: null]
2025-06-17 06:53:37,439 [http-nio-8080-exec-1] [trace=] INFO  c.e.demo.aspect.ServiceLoggingAspect - Completed service method: JwtService.isTokenValid [duration: 5ms, correlationId: null]
2025-06-17 06:53:37,448 [http-nio-8080-exec-1] [trace=d6e52f50-aee6-496a-8aa3-fbf7e9f65447] INFO  c.e.d.i.RequestLoggingInterceptor - Request started: GET /api/users/info [correlationId: d6e52f50-aee6-496a-8aa3-fbf7e9f65447]
2025-06-17 06:53:37,468 [http-nio-8080-exec-1] [trace=d6e52f50-aee6-496a-8aa3-fbf7e9f65447] INFO  c.e.demo.aspect.ServiceLoggingAspect - Entering service method: UserService.getCurrentUser [correlationId: d6e52f50-aee6-496a-8aa3-fbf7e9f65447]
2025-06-17 06:53:37,471 [http-nio-8080-exec-1] [trace=d6e52f50-aee6-496a-8aa3-fbf7e9f65447] DEBUG org.hibernate.SQL - 
    select
        u1_0.id,
        u1_0.created_at,
        u1_0.email,
        u1_0.manager_id,
        u1_0.password,
        u1_0.is_restricted,
        u1_0.role,
        u1_0.updated_at,
        u1_0.uuid 
    from
        users u1_0 
    where
        u1_0.uuid=?
2025-06-17 06:53:37,477 [http-nio-8080-exec-1] [trace=d6e52f50-aee6-496a-8aa3-fbf7e9f65447] DEBUG org.hibernate.SQL - 
    select
        u1_0.id,
        u1_0.created_at,
        u1_0.email,
        m1_0.id,
        m1_0.created_at,
        m1_0.email,
        m1_0.manager_id,
        m1_0.password,
        m1_0.is_restricted,
        m1_0.role,
        m1_0.updated_at,
        m1_0.uuid,
        u1_0.password,
        u1_0.is_restricted,
        u1_0.role,
        u1_0.updated_at,
        u1_0.uuid 
    from
        users u1_0 
    left join
        users m1_0 
            on m1_0.id=u1_0.manager_id 
    where
        u1_0.id=?
2025-06-17 06:53:37,481 [http-nio-8080-exec-1] [trace=d6e52f50-aee6-496a-8aa3-fbf7e9f65447] INFO  c.e.demo.aspect.ServiceLoggingAspect - Completed service method: UserService.getCurrentUser [duration: 13ms, correlationId: d6e52f50-aee6-496a-8aa3-fbf7e9f65447]
2025-06-17 06:53:37,524 [http-nio-8080-exec-1] [trace=d6e52f50-aee6-496a-8aa3-fbf7e9f65447] INFO  c.e.d.i.RequestLoggingInterceptor - Request processed: GET /api/users/info [status: 200, duration: 75ms]
2025-06-17 07:01:46,840 [SpringApplicationShutdownHook] [trace=] INFO  o.s.b.w.e.tomcat.GracefulShutdown - Commencing graceful shutdown. Waiting for active requests to complete
2025-06-17 07:01:46,846 [tomcat-shutdown] [trace=] INFO  o.s.b.w.e.tomcat.GracefulShutdown - Graceful shutdown complete
2025-06-17 07:01:46,858 [SpringApplicationShutdownHook] [trace=] INFO  o.s.o.j.LocalContainerEntityManagerFactoryBean - Closing JPA EntityManagerFactory for persistence unit 'default'
2025-06-17 07:01:46,871 [SpringApplicationShutdownHook] [trace=] INFO  com.zaxxer.hikari.HikariDataSource - HikariPool-1 - Shutdown initiated...
2025-06-17 07:01:46,883 [SpringApplicationShutdownHook] [trace=] INFO  com.zaxxer.hikari.HikariDataSource - HikariPool-1 - Shutdown completed.
2025-06-17 07:01:52,515 [main] [trace=] INFO  com.example.demo.DemoApplication - Starting DemoApplication using Java 21.0.7 with PID 71818 (/home/abdulmateen/Desktop/Projects/Learning-Java/Project-Day_10-15/target/classes started by abdulmateen in /home/abdulmateen/Desktop/Projects/Learning-Java/Project-Day_10-15)
2025-06-17 07:01:52,522 [main] [trace=] DEBUG com.example.demo.DemoApplication - Running with Spring Boot v3.4.5, Spring v6.2.6
2025-06-17 07:01:52,523 [main] [trace=] INFO  com.example.demo.DemoApplication - No active profile set, falling back to 1 default profile: "default"
2025-06-17 07:01:52,683 [main] [trace=] INFO  o.s.b.d.c.l.DockerComposeLifecycleManager - Using Docker Compose file /home/abdulmateen/Desktop/Projects/Learning-Java/Project-Day_10-15/docker-compose.yaml
2025-06-17 07:01:53,282 [main] [trace=] INFO  o.s.b.d.c.l.DockerComposeLifecycleManager - There are already Docker Compose services running, skipping startup
2025-06-17 07:01:54,323 [main] [trace=] INFO  o.s.d.r.c.RepositoryConfigurationDelegate - Bootstrapping Spring Data JPA repositories in DEFAULT mode.
2025-06-17 07:01:54,382 [main] [trace=] INFO  o.s.d.r.c.RepositoryConfigurationDelegate - Finished Spring Data repository scanning in 50 ms. Found 2 JPA repository interfaces.
2025-06-17 07:01:55,221 [main] [trace=] INFO  o.s.b.w.e.tomcat.TomcatWebServer - Tomcat initialized with port 8080 (http)
2025-06-17 07:01:55,234 [main] [trace=] INFO  o.a.coyote.http11.Http11NioProtocol - Initializing ProtocolHandler ["http-nio-8080"]
2025-06-17 07:01:55,236 [main] [trace=] INFO  o.a.catalina.core.StandardService - Starting service [Tomcat]
2025-06-17 07:01:55,236 [main] [trace=] INFO  o.a.catalina.core.StandardEngine - Starting Servlet engine: [Apache Tomcat/10.1.40]
2025-06-17 07:01:55,280 [main] [trace=] INFO  o.a.c.c.C.[Tomcat].[localhost].[/] - Initializing Spring embedded WebApplicationContext
2025-06-17 07:01:55,280 [main] [trace=] INFO  o.s.b.w.s.c.ServletWebServerApplicationContext - Root WebApplicationContext: initialization completed in 1787 ms
2025-06-17 07:01:55,750 [main] [trace=] INFO  liquibase.database - Set default schema name to public
2025-06-17 07:01:56,101 [main] [trace=] INFO  liquibase.changelog - Reading from public.databasechangelog
2025-06-17 07:01:56,159 [main] [trace=] INFO  liquibase.ui - Database is up to date, no changesets to execute
2025-06-17 07:01:56,163 [main] [trace=] INFO  liquibase.changelog - Reading from public.databasechangelog
2025-06-17 07:01:56,176 [main] [trace=] INFO  liquibase.util - UPDATE SUMMARY
2025-06-17 07:01:56,177 [main] [trace=] INFO  liquibase.util - Run:                          0
2025-06-17 07:01:56,177 [main] [trace=] INFO  liquibase.util - Previously run:               2
2025-06-17 07:01:56,177 [main] [trace=] INFO  liquibase.util - Filtered out:                 0
2025-06-17 07:01:56,178 [main] [trace=] INFO  liquibase.util - -------------------------------
2025-06-17 07:01:56,178 [main] [trace=] INFO  liquibase.util - Total change sets:            2
2025-06-17 07:01:56,180 [main] [trace=] INFO  liquibase.util - Update summary generated
2025-06-17 07:01:56,181 [main] [trace=] INFO  liquibase.command - Command execution complete
2025-06-17 07:01:56,280 [main] [trace=] INFO  o.h.jpa.internal.util.LogHelper - HHH000204: Processing PersistenceUnitInfo [name: default]
2025-06-17 07:01:56,347 [main] [trace=] INFO  org.hibernate.Version - HHH000412: Hibernate ORM core version 6.6.13.Final
2025-06-17 07:01:56,397 [main] [trace=] INFO  o.h.c.i.RegionFactoryInitiator - HHH000026: Second-level cache disabled
2025-06-17 07:01:56,636 [main] [trace=] INFO  o.s.o.j.p.SpringPersistenceUnitInfo - No LoadTimeWeaver setup: ignoring JPA class transformer
2025-06-17 07:01:56,663 [main] [trace=] INFO  com.zaxxer.hikari.HikariDataSource - HikariPool-1 - Starting...
2025-06-17 07:01:56,716 [main] [trace=] INFO  com.zaxxer.hikari.pool.HikariPool - HikariPool-1 - Added connection org.postgresql.jdbc.PgConnection@646bf8a6
2025-06-17 07:01:56,717 [main] [trace=] INFO  com.zaxxer.hikari.HikariDataSource - HikariPool-1 - Start completed.
2025-06-17 07:01:56,776 [main] [trace=] INFO  o.hibernate.orm.connections.pooling - HHH10001005: Database info:
	Database JDBC URL [Connecting through datasource 'HikariDataSource (HikariPool-1)']
	Database driver: undefined/unknown
	Database version: 15.13
	Autocommit mode: undefined/unknown
	Isolation level: undefined/unknown
	Minimum pool size: undefined/unknown
	Maximum pool size: undefined/unknown
2025-06-17 07:01:57,665 [main] [trace=] INFO  o.h.e.t.j.p.i.JtaPlatformInitiator - HHH000489: No JTA platform available (set 'hibernate.transaction.jta.platform' to enable JTA platform integration)
2025-06-17 07:01:57,668 [main] [trace=] INFO  o.s.o.j.LocalContainerEntityManagerFactoryBean - Initialized JPA EntityManagerFactory for persistence unit 'default'
2025-06-17 07:01:58,054 [main] [trace=] DEBUG c.e.d.config.JwtAuthenticationFilter - Filter 'jwtAuthenticationFilter' configured for use
2025-06-17 07:01:58,123 [main] [trace=] INFO  o.s.s.c.a.a.c.InitializeAuthenticationProviderBeanManagerConfigurer$InitializeAuthenticationProviderManagerConfigurer - Global AuthenticationManager configured with AuthenticationProvider bean with name authenticationProvider
2025-06-17 07:01:58,124 [main] [trace=] WARN  o.s.s.c.a.a.c.InitializeUserDetailsBeanManagerConfigurer$InitializeUserDetailsManagerConfigurer - Global AuthenticationManager configured with an AuthenticationProvider bean. UserDetailsService beans will not be used by Spring Security for automatically configuring username/password login. Consider removing the AuthenticationProvider bean. Alternatively, consider using the UserDetailsService in a manually instantiated DaoAuthenticationProvider. If the current configuration is intentional, to turn off this warning, increase the logging level of 'org.springframework.security.config.annotation.authentication.configuration.InitializeUserDetailsBeanManagerConfigurer' to ERROR
2025-06-17 07:01:58,369 [main] [trace=] WARN  o.s.b.a.o.j.JpaBaseConfiguration$JpaWebConfiguration - spring.jpa.open-in-view is enabled by default. Therefore, database queries may be performed during view rendering. Explicitly configure spring.jpa.open-in-view to disable this warning
2025-06-17 07:01:58,851 [main] [trace=] INFO  o.s.v.b.OptionalValidatorFactoryBean - Failed to set up a Bean Validation provider: jakarta.validation.NoProviderFoundException: Unable to create a Configuration, because no Jakarta Bean Validation provider could be found. Add a provider like Hibernate Validator (RI) to your classpath.
2025-06-17 07:01:59,205 [main] [trace=] INFO  o.a.coyote.http11.Http11NioProtocol - Starting ProtocolHandler ["http-nio-8080"]
2025-06-17 07:01:59,217 [main] [trace=] INFO  o.s.b.w.e.tomcat.TomcatWebServer - Tomcat started on port 8080 (http) with context path '/'
2025-06-17 07:01:59,227 [main] [trace=] INFO  com.example.demo.DemoApplication - Started DemoApplication in 7.411 seconds (process running for 7.967)
2025-06-17 07:01:59,345 [main] [trace=] DEBUG org.hibernate.SQL - 
    select
        u1_0.id,
        u1_0.created_at,
        u1_0.email,
        u1_0.manager_id,
        u1_0.password,
        u1_0.is_restricted,
        u1_0.role,
        u1_0.updated_at,
        u1_0.uuid 
    from
        users u1_0 
    where
        u1_0.email=?
2025-06-17 07:01:59,377 [main] [trace=] DEBUG org.hibernate.SQL - 
    select
        u1_0.id,
        u1_0.created_at,
        u1_0.email,
        u1_0.manager_id,
        u1_0.password,
        u1_0.is_restricted,
        u1_0.role,
        u1_0.updated_at,
        u1_0.uuid 
    from
        users u1_0 
    where
        u1_0.email=?
2025-06-17 07:04:39,033 [SpringApplicationShutdownHook] [trace=] INFO  o.s.b.w.e.tomcat.GracefulShutdown - Commencing graceful shutdown. Waiting for active requests to complete
2025-06-17 07:04:39,039 [tomcat-shutdown] [trace=] INFO  o.s.b.w.e.tomcat.GracefulShutdown - Graceful shutdown complete
2025-06-17 07:04:39,050 [SpringApplicationShutdownHook] [trace=] INFO  o.s.o.j.LocalContainerEntityManagerFactoryBean - Closing JPA EntityManagerFactory for persistence unit 'default'
2025-06-17 07:04:39,056 [SpringApplicationShutdownHook] [trace=] INFO  com.zaxxer.hikari.HikariDataSource - HikariPool-1 - Shutdown initiated...
2025-06-17 07:04:39,071 [SpringApplicationShutdownHook] [trace=] INFO  com.zaxxer.hikari.HikariDataSource - HikariPool-1 - Shutdown completed.
2025-06-17 07:04:43,859 [main] [trace=] INFO  com.example.demo.DemoApplication - Starting DemoApplication using Java 21.0.7 with PID 73002 (/home/abdulmateen/Desktop/Projects/Learning-Java/Project-Day_10-15/target/classes started by abdulmateen in /home/abdulmateen/Desktop/Projects/Learning-Java/Project-Day_10-15)
2025-06-17 07:04:43,862 [main] [trace=] DEBUG com.example.demo.DemoApplication - Running with Spring Boot v3.4.5, Spring v6.2.6
2025-06-17 07:04:43,863 [main] [trace=] INFO  com.example.demo.DemoApplication - No active profile set, falling back to 1 default profile: "default"
2025-06-17 07:04:44,015 [main] [trace=] INFO  o.s.b.d.c.l.DockerComposeLifecycleManager - Using Docker Compose file /home/abdulmateen/Desktop/Projects/Learning-Java/Project-Day_10-15/docker-compose.yaml
2025-06-17 07:04:44,665 [main] [trace=] INFO  o.s.b.d.c.l.DockerComposeLifecycleManager - There are already Docker Compose services running, skipping startup
2025-06-17 07:04:45,773 [main] [trace=] INFO  o.s.d.r.c.RepositoryConfigurationDelegate - Bootstrapping Spring Data JPA repositories in DEFAULT mode.
2025-06-17 07:04:45,829 [main] [trace=] INFO  o.s.d.r.c.RepositoryConfigurationDelegate - Finished Spring Data repository scanning in 47 ms. Found 2 JPA repository interfaces.
2025-06-17 07:04:46,746 [main] [trace=] INFO  o.s.b.w.e.tomcat.TomcatWebServer - Tomcat initialized with port 8080 (http)
2025-06-17 07:04:46,757 [main] [trace=] INFO  o.a.coyote.http11.Http11NioProtocol - Initializing ProtocolHandler ["http-nio-8080"]
2025-06-17 07:04:46,759 [main] [trace=] INFO  o.a.catalina.core.StandardService - Starting service [Tomcat]
2025-06-17 07:04:46,759 [main] [trace=] INFO  o.a.catalina.core.StandardEngine - Starting Servlet engine: [Apache Tomcat/10.1.40]
2025-06-17 07:04:46,812 [main] [trace=] INFO  o.a.c.c.C.[Tomcat].[localhost].[/] - Initializing Spring embedded WebApplicationContext
2025-06-17 07:04:46,813 [main] [trace=] INFO  o.s.b.w.s.c.ServletWebServerApplicationContext - Root WebApplicationContext: initialization completed in 1936 ms
2025-06-17 07:04:47,664 [main] [trace=] INFO  liquibase.database - Set default schema name to public
2025-06-17 07:04:48,073 [main] [trace=] INFO  liquibase.changelog - Reading from public.databasechangelog
2025-06-17 07:04:48,144 [main] [trace=] INFO  liquibase.ui - Database is up to date, no changesets to execute
2025-06-17 07:04:48,149 [main] [trace=] INFO  liquibase.changelog - Reading from public.databasechangelog
2025-06-17 07:04:48,161 [main] [trace=] INFO  liquibase.util - UPDATE SUMMARY
2025-06-17 07:04:48,162 [main] [trace=] INFO  liquibase.util - Run:                          0
2025-06-17 07:04:48,163 [main] [trace=] INFO  liquibase.util - Previously run:               2
2025-06-17 07:04:48,164 [main] [trace=] INFO  liquibase.util - Filtered out:                 0
2025-06-17 07:04:48,165 [main] [trace=] INFO  liquibase.util - -------------------------------
2025-06-17 07:04:48,167 [main] [trace=] INFO  liquibase.util - Total change sets:            2
2025-06-17 07:04:48,170 [main] [trace=] INFO  liquibase.util - Update summary generated
2025-06-17 07:04:48,172 [main] [trace=] INFO  liquibase.command - Command execution complete
2025-06-17 07:04:48,304 [main] [trace=] INFO  o.h.jpa.internal.util.LogHelper - HHH000204: Processing PersistenceUnitInfo [name: default]
2025-06-17 07:04:48,414 [main] [trace=] INFO  org.hibernate.Version - HHH000412: Hibernate ORM core version 6.6.13.Final
2025-06-17 07:04:48,444 [main] [trace=] INFO  o.h.c.i.RegionFactoryInitiator - HHH000026: Second-level cache disabled
2025-06-17 07:04:48,682 [main] [trace=] INFO  o.s.o.j.p.SpringPersistenceUnitInfo - No LoadTimeWeaver setup: ignoring JPA class transformer
2025-06-17 07:04:48,710 [main] [trace=] INFO  com.zaxxer.hikari.HikariDataSource - HikariPool-1 - Starting...
2025-06-17 07:04:48,773 [main] [trace=] INFO  com.zaxxer.hikari.pool.HikariPool - HikariPool-1 - Added connection org.postgresql.jdbc.PgConnection@61d61b0e
2025-06-17 07:04:48,776 [main] [trace=] INFO  com.zaxxer.hikari.HikariDataSource - HikariPool-1 - Start completed.
2025-06-17 07:04:48,839 [main] [trace=] INFO  o.hibernate.orm.connections.pooling - HHH10001005: Database info:
	Database JDBC URL [Connecting through datasource 'HikariDataSource (HikariPool-1)']
	Database driver: undefined/unknown
	Database version: 15.13
	Autocommit mode: undefined/unknown
	Isolation level: undefined/unknown
	Minimum pool size: undefined/unknown
	Maximum pool size: undefined/unknown
2025-06-17 07:04:50,352 [main] [trace=] INFO  o.h.e.t.j.p.i.JtaPlatformInitiator - HHH000489: No JTA platform available (set 'hibernate.transaction.jta.platform' to enable JTA platform integration)
2025-06-17 07:04:50,357 [main] [trace=] INFO  o.s.o.j.LocalContainerEntityManagerFactoryBean - Initialized JPA EntityManagerFactory for persistence unit 'default'
2025-06-17 07:04:50,808 [main] [trace=] DEBUG c.e.d.config.JwtAuthenticationFilter - Filter 'jwtAuthenticationFilter' configured for use
2025-06-17 07:04:50,923 [main] [trace=] INFO  o.s.s.c.a.a.c.InitializeAuthenticationProviderBeanManagerConfigurer$InitializeAuthenticationProviderManagerConfigurer - Global AuthenticationManager configured with AuthenticationProvider bean with name authenticationProvider
2025-06-17 07:04:50,924 [main] [trace=] WARN  o.s.s.c.a.a.c.InitializeUserDetailsBeanManagerConfigurer$InitializeUserDetailsManagerConfigurer - Global AuthenticationManager configured with an AuthenticationProvider bean. UserDetailsService beans will not be used by Spring Security for automatically configuring username/password login. Consider removing the AuthenticationProvider bean. Alternatively, consider using the UserDetailsService in a manually instantiated DaoAuthenticationProvider. If the current configuration is intentional, to turn off this warning, increase the logging level of 'org.springframework.security.config.annotation.authentication.configuration.InitializeUserDetailsBeanManagerConfigurer' to ERROR
2025-06-17 07:04:51,185 [main] [trace=] WARN  o.s.b.a.o.j.JpaBaseConfiguration$JpaWebConfiguration - spring.jpa.open-in-view is enabled by default. Therefore, database queries may be performed during view rendering. Explicitly configure spring.jpa.open-in-view to disable this warning
2025-06-17 07:04:51,649 [main] [trace=] INFO  o.s.v.b.OptionalValidatorFactoryBean - Failed to set up a Bean Validation provider: jakarta.validation.NoProviderFoundException: Unable to create a Configuration, because no Jakarta Bean Validation provider could be found. Add a provider like Hibernate Validator (RI) to your classpath.
2025-06-17 07:04:52,011 [main] [trace=] INFO  o.a.coyote.http11.Http11NioProtocol - Starting ProtocolHandler ["http-nio-8080"]
2025-06-17 07:04:52,030 [main] [trace=] INFO  o.s.b.w.e.tomcat.TomcatWebServer - Tomcat started on port 8080 (http) with context path '/'
2025-06-17 07:04:52,039 [main] [trace=] INFO  com.example.demo.DemoApplication - Started DemoApplication in 8.939 seconds (process running for 9.45)
2025-06-17 07:04:52,157 [main] [trace=] DEBUG org.hibernate.SQL - 
    select
        u1_0.id,
        u1_0.created_at,
        u1_0.email,
        u1_0.manager_id,
        u1_0.password,
        u1_0.is_restricted,
        u1_0.role,
        u1_0.updated_at,
        u1_0.uuid 
    from
        users u1_0 
    where
        u1_0.email=?
2025-06-17 07:04:52,197 [main] [trace=] DEBUG org.hibernate.SQL - 
    select
        u1_0.id,
        u1_0.created_at,
        u1_0.email,
        u1_0.manager_id,
        u1_0.password,
        u1_0.is_restricted,
        u1_0.role,
        u1_0.updated_at,
        u1_0.uuid 
    from
        users u1_0 
    where
        u1_0.email=?
2025-06-17 07:04:54,550 [SpringApplicationShutdownHook] [trace=] INFO  o.s.b.w.e.tomcat.GracefulShutdown - Commencing graceful shutdown. Waiting for active requests to complete
2025-06-17 07:04:54,558 [tomcat-shutdown] [trace=] INFO  o.s.b.w.e.tomcat.GracefulShutdown - Graceful shutdown complete
2025-06-17 07:04:54,570 [SpringApplicationShutdownHook] [trace=] INFO  o.s.o.j.LocalContainerEntityManagerFactoryBean - Closing JPA EntityManagerFactory for persistence unit 'default'
2025-06-17 07:04:54,576 [SpringApplicationShutdownHook] [trace=] INFO  com.zaxxer.hikari.HikariDataSource - HikariPool-1 - Shutdown initiated...
2025-06-17 07:04:54,580 [SpringApplicationShutdownHook] [trace=] INFO  com.zaxxer.hikari.HikariDataSource - HikariPool-1 - Shutdown completed.
2025-06-17 07:04:59,240 [main] [trace=] INFO  com.example.demo.DemoApplication - Starting DemoApplication using Java 21.0.7 with PID 73289 (/home/abdulmateen/Desktop/Projects/Learning-Java/Project-Day_10-15/target/classes started by abdulmateen in /home/abdulmateen/Desktop/Projects/Learning-Java/Project-Day_10-15)
2025-06-17 07:04:59,245 [main] [trace=] DEBUG com.example.demo.DemoApplication - Running with Spring Boot v3.4.5, Spring v6.2.6
2025-06-17 07:04:59,247 [main] [trace=] INFO  com.example.demo.DemoApplication - No active profile set, falling back to 1 default profile: "default"
2025-06-17 07:04:59,392 [main] [trace=] INFO  o.s.b.d.c.l.DockerComposeLifecycleManager - Using Docker Compose file /home/abdulmateen/Desktop/Projects/Learning-Java/Project-Day_10-15/docker-compose.yaml
2025-06-17 07:04:59,945 [main] [trace=] INFO  o.s.b.d.c.l.DockerComposeLifecycleManager - There are already Docker Compose services running, skipping startup
2025-06-17 07:05:01,057 [main] [trace=] INFO  o.s.d.r.c.RepositoryConfigurationDelegate - Bootstrapping Spring Data JPA repositories in DEFAULT mode.
2025-06-17 07:05:01,112 [main] [trace=] INFO  o.s.d.r.c.RepositoryConfigurationDelegate - Finished Spring Data repository scanning in 48 ms. Found 2 JPA repository interfaces.
2025-06-17 07:05:02,043 [main] [trace=] INFO  o.s.b.w.e.tomcat.TomcatWebServer - Tomcat initialized with port 8080 (http)
2025-06-17 07:05:02,055 [main] [trace=] INFO  o.a.coyote.http11.Http11NioProtocol - Initializing ProtocolHandler ["http-nio-8080"]
2025-06-17 07:05:02,057 [main] [trace=] INFO  o.a.catalina.core.StandardService - Starting service [Tomcat]
2025-06-17 07:05:02,058 [main] [trace=] INFO  o.a.catalina.core.StandardEngine - Starting Servlet engine: [Apache Tomcat/10.1.40]
2025-06-17 07:05:02,107 [main] [trace=] INFO  o.a.c.c.C.[Tomcat].[localhost].[/] - Initializing Spring embedded WebApplicationContext
2025-06-17 07:05:02,110 [main] [trace=] INFO  o.s.b.w.s.c.ServletWebServerApplicationContext - Root WebApplicationContext: initialization completed in 1953 ms
2025-06-17 07:05:02,598 [main] [trace=] INFO  liquibase.database - Set default schema name to public
2025-06-17 07:05:03,040 [main] [trace=] INFO  liquibase.changelog - Reading from public.databasechangelog
2025-06-17 07:05:03,099 [main] [trace=] INFO  liquibase.ui - Database is up to date, no changesets to execute
2025-06-17 07:05:03,102 [main] [trace=] INFO  liquibase.changelog - Reading from public.databasechangelog
2025-06-17 07:05:03,111 [main] [trace=] INFO  liquibase.util - UPDATE SUMMARY
2025-06-17 07:05:03,111 [main] [trace=] INFO  liquibase.util - Run:                          0
2025-06-17 07:05:03,112 [main] [trace=] INFO  liquibase.util - Previously run:               2
2025-06-17 07:05:03,112 [main] [trace=] INFO  liquibase.util - Filtered out:                 0
2025-06-17 07:05:03,112 [main] [trace=] INFO  liquibase.util - -------------------------------
2025-06-17 07:05:03,112 [main] [trace=] INFO  liquibase.util - Total change sets:            2
2025-06-17 07:05:03,113 [main] [trace=] INFO  liquibase.util - Update summary generated
2025-06-17 07:05:03,115 [main] [trace=] INFO  liquibase.command - Command execution complete
2025-06-17 07:05:03,207 [main] [trace=] INFO  o.h.jpa.internal.util.LogHelper - HHH000204: Processing PersistenceUnitInfo [name: default]
2025-06-17 07:05:03,272 [main] [trace=] INFO  org.hibernate.Version - HHH000412: Hibernate ORM core version 6.6.13.Final
2025-06-17 07:05:03,318 [main] [trace=] INFO  o.h.c.i.RegionFactoryInitiator - HHH000026: Second-level cache disabled
2025-06-17 07:05:03,573 [main] [trace=] INFO  o.s.o.j.p.SpringPersistenceUnitInfo - No LoadTimeWeaver setup: ignoring JPA class transformer
2025-06-17 07:05:03,602 [main] [trace=] INFO  com.zaxxer.hikari.HikariDataSource - HikariPool-1 - Starting...
2025-06-17 07:05:03,658 [main] [trace=] INFO  com.zaxxer.hikari.pool.HikariPool - HikariPool-1 - Added connection org.postgresql.jdbc.PgConnection@ca0a21f
2025-06-17 07:05:03,660 [main] [trace=] INFO  com.zaxxer.hikari.HikariDataSource - HikariPool-1 - Start completed.
2025-06-17 07:05:03,717 [main] [trace=] INFO  o.hibernate.orm.connections.pooling - HHH10001005: Database info:
	Database JDBC URL [Connecting through datasource 'HikariDataSource (HikariPool-1)']
	Database driver: undefined/unknown
	Database version: 15.13
	Autocommit mode: undefined/unknown
	Isolation level: undefined/unknown
	Minimum pool size: undefined/unknown
	Maximum pool size: undefined/unknown
2025-06-17 07:05:04,556 [main] [trace=] INFO  o.h.e.t.j.p.i.JtaPlatformInitiator - HHH000489: No JTA platform available (set 'hibernate.transaction.jta.platform' to enable JTA platform integration)
2025-06-17 07:05:04,559 [main] [trace=] INFO  o.s.o.j.LocalContainerEntityManagerFactoryBean - Initialized JPA EntityManagerFactory for persistence unit 'default'
2025-06-17 07:05:04,990 [main] [trace=] DEBUG c.e.d.config.JwtAuthenticationFilter - Filter 'jwtAuthenticationFilter' configured for use
2025-06-17 07:05:05,071 [main] [trace=] INFO  o.s.s.c.a.a.c.InitializeAuthenticationProviderBeanManagerConfigurer$InitializeAuthenticationProviderManagerConfigurer - Global AuthenticationManager configured with AuthenticationProvider bean with name authenticationProvider
2025-06-17 07:05:05,072 [main] [trace=] WARN  o.s.s.c.a.a.c.InitializeUserDetailsBeanManagerConfigurer$InitializeUserDetailsManagerConfigurer - Global AuthenticationManager configured with an AuthenticationProvider bean. UserDetailsService beans will not be used by Spring Security for automatically configuring username/password login. Consider removing the AuthenticationProvider bean. Alternatively, consider using the UserDetailsService in a manually instantiated DaoAuthenticationProvider. If the current configuration is intentional, to turn off this warning, increase the logging level of 'org.springframework.security.config.annotation.authentication.configuration.InitializeUserDetailsBeanManagerConfigurer' to ERROR
2025-06-17 07:05:05,350 [main] [trace=] WARN  o.s.b.a.o.j.JpaBaseConfiguration$JpaWebConfiguration - spring.jpa.open-in-view is enabled by default. Therefore, database queries may be performed during view rendering. Explicitly configure spring.jpa.open-in-view to disable this warning
2025-06-17 07:05:05,831 [main] [trace=] INFO  o.s.v.b.OptionalValidatorFactoryBean - Failed to set up a Bean Validation provider: jakarta.validation.NoProviderFoundException: Unable to create a Configuration, because no Jakarta Bean Validation provider could be found. Add a provider like Hibernate Validator (RI) to your classpath.
2025-06-17 07:05:06,245 [main] [trace=] INFO  o.a.coyote.http11.Http11NioProtocol - Starting ProtocolHandler ["http-nio-8080"]
2025-06-17 07:05:06,265 [main] [trace=] INFO  o.s.b.w.e.tomcat.TomcatWebServer - Tomcat started on port 8080 (http) with context path '/'
2025-06-17 07:05:06,278 [main] [trace=] INFO  com.example.demo.DemoApplication - Started DemoApplication in 7.746 seconds (process running for 8.343)
2025-06-17 07:05:06,401 [main] [trace=] DEBUG org.hibernate.SQL - 
    select
        u1_0.id,
        u1_0.created_at,
        u1_0.email,
        u1_0.manager_id,
        u1_0.password,
        u1_0.is_restricted,
        u1_0.role,
        u1_0.updated_at,
        u1_0.uuid 
    from
        users u1_0 
    where
        u1_0.email=?
2025-06-17 07:05:06,441 [main] [trace=] DEBUG org.hibernate.SQL - 
    select
        u1_0.id,
        u1_0.created_at,
        u1_0.email,
        u1_0.manager_id,
        u1_0.password,
        u1_0.is_restricted,
        u1_0.role,
        u1_0.updated_at,
        u1_0.uuid 
    from
        users u1_0 
    where
        u1_0.email=?
2025-06-17 07:05:34,087 [SpringApplicationShutdownHook] [trace=] INFO  o.s.b.w.e.tomcat.GracefulShutdown - Commencing graceful shutdown. Waiting for active requests to complete
2025-06-17 07:05:34,091 [tomcat-shutdown] [trace=] INFO  o.s.b.w.e.tomcat.GracefulShutdown - Graceful shutdown complete
2025-06-17 07:05:34,106 [SpringApplicationShutdownHook] [trace=] INFO  o.s.o.j.LocalContainerEntityManagerFactoryBean - Closing JPA EntityManagerFactory for persistence unit 'default'
2025-06-17 07:05:34,111 [SpringApplicationShutdownHook] [trace=] INFO  com.zaxxer.hikari.HikariDataSource - HikariPool-1 - Shutdown initiated...
2025-06-17 07:05:34,115 [SpringApplicationShutdownHook] [trace=] INFO  com.zaxxer.hikari.HikariDataSource - HikariPool-1 - Shutdown completed.
2025-06-17 07:11:11,810 [main] [trace=] INFO  com.example.demo.DemoApplication - Starting DemoApplication using Java 21.0.7 with PID 75404 (/home/abdulmateen/Desktop/Projects/Learning-Java/Project-Day_10-15/target/classes started by abdulmateen in /home/abdulmateen/Desktop/Projects/Learning-Java/Project-Day_10-15)
2025-06-17 07:11:11,812 [main] [trace=] DEBUG com.example.demo.DemoApplication - Running with Spring Boot v3.4.5, Spring v6.2.6
2025-06-17 07:11:11,813 [main] [trace=] INFO  com.example.demo.DemoApplication - No active profile set, falling back to 1 default profile: "default"
2025-06-17 07:11:11,914 [main] [trace=] INFO  o.s.b.d.c.l.DockerComposeLifecycleManager - Using Docker Compose file /home/abdulmateen/Desktop/Projects/Learning-Java/Project-Day_10-15/docker-compose.yaml
2025-06-17 07:11:12,542 [main] [trace=] INFO  o.s.b.d.c.l.DockerComposeLifecycleManager - There are already Docker Compose services running, skipping startup
2025-06-17 07:11:13,588 [main] [trace=] INFO  o.s.d.r.c.RepositoryConfigurationDelegate - Bootstrapping Spring Data JPA repositories in DEFAULT mode.
2025-06-17 07:11:13,663 [main] [trace=] INFO  o.s.d.r.c.RepositoryConfigurationDelegate - Finished Spring Data repository scanning in 65 ms. Found 2 JPA repository interfaces.
2025-06-17 07:11:14,464 [main] [trace=] INFO  o.s.b.w.e.tomcat.TomcatWebServer - Tomcat initialized with port 8080 (http)
2025-06-17 07:11:14,476 [main] [trace=] INFO  o.a.coyote.http11.Http11NioProtocol - Initializing ProtocolHandler ["http-nio-8080"]
2025-06-17 07:11:14,478 [main] [trace=] INFO  o.a.catalina.core.StandardService - Starting service [Tomcat]
2025-06-17 07:11:14,479 [main] [trace=] INFO  o.a.catalina.core.StandardEngine - Starting Servlet engine: [Apache Tomcat/10.1.40]
2025-06-17 07:11:14,528 [main] [trace=] INFO  o.a.c.c.C.[Tomcat].[localhost].[/] - Initializing Spring embedded WebApplicationContext
2025-06-17 07:11:14,529 [main] [trace=] INFO  o.s.b.w.s.c.ServletWebServerApplicationContext - Root WebApplicationContext: initialization completed in 1775 ms
2025-06-17 07:11:15,122 [main] [trace=] INFO  liquibase.database - Set default schema name to public
2025-06-17 07:11:15,640 [main] [trace=] INFO  liquibase.changelog - Reading from public.databasechangelog
2025-06-17 07:11:15,693 [main] [trace=] INFO  liquibase.ui - Database is up to date, no changesets to execute
2025-06-17 07:11:15,696 [main] [trace=] INFO  liquibase.changelog - Reading from public.databasechangelog
2025-06-17 07:11:15,705 [main] [trace=] INFO  liquibase.util - UPDATE SUMMARY
2025-06-17 07:11:15,706 [main] [trace=] INFO  liquibase.util - Run:                          0
2025-06-17 07:11:15,706 [main] [trace=] INFO  liquibase.util - Previously run:               2
2025-06-17 07:11:15,707 [main] [trace=] INFO  liquibase.util - Filtered out:                 0
2025-06-17 07:11:15,707 [main] [trace=] INFO  liquibase.util - -------------------------------
2025-06-17 07:11:15,707 [main] [trace=] INFO  liquibase.util - Total change sets:            2
2025-06-17 07:11:15,708 [main] [trace=] INFO  liquibase.util - Update summary generated
2025-06-17 07:11:15,709 [main] [trace=] INFO  liquibase.command - Command execution complete
2025-06-17 07:11:15,810 [main] [trace=] INFO  o.h.jpa.internal.util.LogHelper - HHH000204: Processing PersistenceUnitInfo [name: default]
2025-06-17 07:11:15,862 [main] [trace=] INFO  org.hibernate.Version - HHH000412: Hibernate ORM core version 6.6.13.Final
2025-06-17 07:11:15,951 [main] [trace=] INFO  o.h.c.i.RegionFactoryInitiator - HHH000026: Second-level cache disabled
2025-06-17 07:11:16,229 [main] [trace=] INFO  o.s.o.j.p.SpringPersistenceUnitInfo - No LoadTimeWeaver setup: ignoring JPA class transformer
2025-06-17 07:11:16,253 [main] [trace=] INFO  com.zaxxer.hikari.HikariDataSource - HikariPool-1 - Starting...
2025-06-17 07:11:16,312 [main] [trace=] INFO  com.zaxxer.hikari.pool.HikariPool - HikariPool-1 - Added connection org.postgresql.jdbc.PgConnection@137d04d8
2025-06-17 07:11:16,313 [main] [trace=] INFO  com.zaxxer.hikari.HikariDataSource - HikariPool-1 - Start completed.
2025-06-17 07:11:16,396 [main] [trace=] INFO  o.hibernate.orm.connections.pooling - HHH10001005: Database info:
	Database JDBC URL [Connecting through datasource 'HikariDataSource (HikariPool-1)']
	Database driver: undefined/unknown
	Database version: 15.13
	Autocommit mode: undefined/unknown
	Isolation level: undefined/unknown
	Minimum pool size: undefined/unknown
	Maximum pool size: undefined/unknown
2025-06-17 07:11:17,286 [main] [trace=] INFO  o.h.e.t.j.p.i.JtaPlatformInitiator - HHH000489: No JTA platform available (set 'hibernate.transaction.jta.platform' to enable JTA platform integration)
2025-06-17 07:11:17,290 [main] [trace=] INFO  o.s.o.j.LocalContainerEntityManagerFactoryBean - Initialized JPA EntityManagerFactory for persistence unit 'default'
2025-06-17 07:11:17,738 [main] [trace=] DEBUG c.e.d.config.JwtAuthenticationFilter - Filter 'jwtAuthenticationFilter' configured for use
2025-06-17 07:11:17,816 [main] [trace=] INFO  o.s.s.c.a.a.c.InitializeAuthenticationProviderBeanManagerConfigurer$InitializeAuthenticationProviderManagerConfigurer - Global AuthenticationManager configured with AuthenticationProvider bean with name authenticationProvider
2025-06-17 07:11:17,817 [main] [trace=] WARN  o.s.s.c.a.a.c.InitializeUserDetailsBeanManagerConfigurer$InitializeUserDetailsManagerConfigurer - Global AuthenticationManager configured with an AuthenticationProvider bean. UserDetailsService beans will not be used by Spring Security for automatically configuring username/password login. Consider removing the AuthenticationProvider bean. Alternatively, consider using the UserDetailsService in a manually instantiated DaoAuthenticationProvider. If the current configuration is intentional, to turn off this warning, increase the logging level of 'org.springframework.security.config.annotation.authentication.configuration.InitializeUserDetailsBeanManagerConfigurer' to ERROR
2025-06-17 07:11:18,093 [main] [trace=] WARN  o.s.b.a.o.j.JpaBaseConfiguration$JpaWebConfiguration - spring.jpa.open-in-view is enabled by default. Therefore, database queries may be performed during view rendering. Explicitly configure spring.jpa.open-in-view to disable this warning
2025-06-17 07:11:18,606 [main] [trace=] INFO  o.s.v.b.OptionalValidatorFactoryBean - Failed to set up a Bean Validation provider: jakarta.validation.NoProviderFoundException: Unable to create a Configuration, because no Jakarta Bean Validation provider could be found. Add a provider like Hibernate Validator (RI) to your classpath.
2025-06-17 07:11:18,986 [main] [trace=] INFO  o.a.coyote.http11.Http11NioProtocol - Starting ProtocolHandler ["http-nio-8080"]
2025-06-17 07:11:18,999 [main] [trace=] INFO  o.s.b.w.e.tomcat.TomcatWebServer - Tomcat started on port 8080 (http) with context path '/'
2025-06-17 07:11:19,010 [main] [trace=] INFO  com.example.demo.DemoApplication - Started DemoApplication in 7.927 seconds (process running for 8.393)
2025-06-17 07:11:19,119 [main] [trace=] DEBUG org.hibernate.SQL - 
    select
        u1_0.id,
        u1_0.created_at,
        u1_0.email,
        u1_0.manager_id,
        u1_0.password,
        u1_0.is_restricted,
        u1_0.role,
        u1_0.updated_at,
        u1_0.uuid 
    from
        users u1_0 
    where
        u1_0.email=?
2025-06-17 07:11:19,150 [main] [trace=] DEBUG org.hibernate.SQL - 
    select
        u1_0.id,
        u1_0.created_at,
        u1_0.email,
        u1_0.manager_id,
        u1_0.password,
        u1_0.is_restricted,
        u1_0.role,
        u1_0.updated_at,
        u1_0.uuid 
    from
        users u1_0 
    where
        u1_0.email=?
